// Jest Snapshot v1, https://goo.gl/fbAQLP

exports[`<MainContainer /> should render 1`] = `
<Container
  style={
    Object {
      "marginTop": "4em",
    }
  }
  text={true}
>
  <Connect(TaskListHeader) />
  <Divider />
  <Connect(TaskList) />
</Container>
`;
