// Jest Snapshot v1, https://goo.gl/fbAQLP

exports[`<TaskList /> should render 1`] = `undefined`;
