// Jest Snapshot v1, https://goo.gl/fbAQLP

exports[`<TaskListEntry /> should render 1`] = `undefined`;
